// Jest Snapshot v1, https://goo.gl/fbAQLP

exports[`should render ExpenseList with empty message 1`] = `
<div>
  <h1>
    Expense List
  </h1>
  <p>
    No Expenses
  </p>
</div>
`;

exports[`should render ExpenseList with expenses 1`] = `
<div>
  <h1>
    Expense List
  </h1>
  <ExpenseListItem
    amount={50000}
    createdAt={0}
    description="Rent"
    id="1"
    index={1}
    key="1"
    note=""
  />
  <ExpenseListItem
    amount={1050}
    createdAt={-345600000}
    description="Coffee"
    id="2"
    index={2}
    key="2"
    note=""
  />
  <ExpenseListItem
    amount={20000}
    createdAt={345600000}
    description="Bill"
    id="3"
    index={3}
    key="3"
    note=""
  />
</div>
`;
