// Jest Snapshot v1, https://goo.gl/fbAQLP

exports[`Header component rendering 1`] = `
<header>
  <h1>
    Expensify
  </h1>
  <ul>
    <li>
      <NavLink
        activeClassName="is-active"
        exact={true}
        to="/"
      >
        Home
      </NavLink>
    </li>
    <li>
      <NavLink
        activeClassName="is-active"
        to="/create"
      >
        Add Expense
      </NavLink>
    </li>
    <li>
      <NavLink
        activeClassName="is-active"
        to="/help"
      >
        Help
      </NavLink>
    </li>
  </ul>
</header>
`;
