// Jest Snapshot v1, https://goo.gl/fbAQLP

exports[`should render NoFoundPage correctly 1`] = `
<div>
  404! 
  <Link
    to="/"
  >
    Go Home
  </Link>
</div>
`;
